  q1-window ep 1: train 3.213 dev 3.208 (28s)
  q1-window ep 2: train 3.169 dev 3.170 (29s)
  q1-window ep 3: train 3.159 dev 3.165 (29s)
  q1-window ep 4: train 3.160 dev 3.167 (29s)
Traceback (most recent call last):
  File "/home/user/GENOME-LAB/engram/research/p2_slow/expert.py", line 334, in <module>
    main()
  File "/home/user/GENOME-LAB/engram/research/p2_slow/expert.py", line 330, in main
    print(json.dumps(out), flush=True)
          ^^^^^^^^^^^^^^^
  File "/usr/lib/python3.11/json/__init__.py", line 231, in dumps
    return _default_encoder.encode(obj)
           ^^^^^^^^^^^^^^^^^^^^^^^^^^^^
  File "/usr/lib/python3.11/json/encoder.py", line 200, in encode
    chunks = self.iterencode(o, _one_shot=True)
             ^^^^^^^^^^^^^^^^^^^^^^^^^^^^^^^^^^
  File "/usr/lib/python3.11/json/encoder.py", line 258, in iterencode
    return _iterencode(o, 0)
           ^^^^^^^^^^^^^^^^^
  File "/usr/lib/python3.11/json/encoder.py", line 180, in default
    raise TypeError(f'Object of type {o.__class__.__name__} '
TypeError: Object of type float32 is not JSON serializable
