  q3-b16384 ep 1: train 1.772 dev 2.161 (236s)
  q3-b16384 ep 2: train 1.577 dev 2.120 (232s)
  q3-b16384 ep 3: train 1.434 dev 2.126 (181s)
  q3-b16384 ep 4: train 1.405 dev 2.147 (212s)
Traceback (most recent call last):
  File "/home/user/GENOME-LAB/engram/research/p2_slow/expert.py", line 334, in <module>
    main()
  File "/home/user/GENOME-LAB/engram/research/p2_slow/expert.py", line 330, in main
    print(json.dumps(out), flush=True)
          ^^^^^^^^^^^^^^^
  File "/usr/lib/python3.11/json/__init__.py", line 231, in dumps
    return _default_encoder.encode(obj)
           ^^^^^^^^^^^^^^^^^^^^^^^^^^^^
  File "/usr/lib/python3.11/json/encoder.py", line 200, in encode
    chunks = self.iterencode(o, _one_shot=True)
             ^^^^^^^^^^^^^^^^^^^^^^^^^^^^^^^^^^
  File "/usr/lib/python3.11/json/encoder.py", line 258, in iterencode
    return _iterencode(o, 0)
           ^^^^^^^^^^^^^^^^^
  File "/usr/lib/python3.11/json/encoder.py", line 180, in default
    raise TypeError(f'Object of type {o.__class__.__name__} '
TypeError: Object of type float32 is not JSON serializable
